[0m12:23:17.146037 [debug] [MainThread]: Sending event: {'category': 'dbt', 'action': 'invocation', 'label': 'start', 'context': [<snowplow_tracker.self_describing_json.SelfDescribingJson object at 0x10414b230>, <snowplow_tracker.self_describing_json.SelfDescribingJson object at 0x105327950>, <snowplow_tracker.self_describing_json.SelfDescribingJson object at 0x105327260>]}


============================== 12:23:17.149890 | fb2f343b-8ed9-49eb-8a80-3091719cd3f6 ==============================
[0m12:23:17.149890 [info ] [MainThread]: Running with dbt=1.12.3
[0m12:23:17.150350 [debug] [MainThread]: running dbt with arguments {'hints_enabled': 'True', 'fail_fast': 'False', 'warn_error': 'None', 'write_json': 'True', 'empty': 'None', 'use_experimental_parser': 'False', 'introspect': 'True', 'log_format': 'default', 'send_anonymous_usage_stats': 'True', 'log_path': '/Users/omermeraloglu/Desktop/Steam-Price-Popularity-Predictor/logs', 'target_path': 'None', 'cache_selected_only': 'False', 'printer_width': '80', 'static_parser': 'True', 'quiet': 'False', 'maximum_seed_size_mib': '1', 'profiles_dir': '/Users/omermeraloglu/.dbt', 'warn_error_options': 'WarnErrorOptionsV2(error=[], warn=[], silence=[])', 'version_check': 'True', 'indirect_selection': 'eager', 'invocation_command': 'dbt debug', 'partial_parse': 'True', 'use_colors': 'True', 'no_print': 'None', 'debug': 'False', 'log_cache_events': 'False'}
[0m12:23:17.163122 [info ] [MainThread]: dbt version: 1.12.3
[0m12:23:17.163426 [info ] [MainThread]: python version: 3.12.9
[0m12:23:17.163615 [info ] [MainThread]: python path: /Users/omermeraloglu/Desktop/Steam-Price-Popularity-Predictor/.venv/bin/python3.12
[0m12:23:17.163794 [info ] [MainThread]: os info: macOS-15.7.4-arm64-arm-64bit
[0m12:23:27.221894 [info ] [MainThread]: Using profiles dir at /Users/omermeraloglu/.dbt
[0m12:23:27.222370 [info ] [MainThread]: Using profiles.yml file at /Users/omermeraloglu/.dbt/profiles.yml
[0m12:23:27.222619 [info ] [MainThread]: Using dbt_project.yml file at /Users/omermeraloglu/Desktop/Steam-Price-Popularity-Predictor/dbt_project.yml
[0m12:23:27.222821 [info ] [MainThread]: adapter type: bigquery
[0m12:23:27.223003 [info ] [MainThread]: adapter version: 1.12.0
[0m12:23:27.288267 [info ] [MainThread]: Configuration:
[0m12:23:27.288623 [info ] [MainThread]:   profiles.yml file [[32mOK found and valid[0m]
[0m12:23:27.288815 [info ] [MainThread]:   dbt_project.yml file [[32mOK found and valid[0m]
[0m12:23:27.288989 [info ] [MainThread]: Required dependencies:
[0m12:23:27.289271 [debug] [MainThread]: Executing "git --help"
[0m12:23:27.301205 [debug] [MainThread]: STDOUT: "b"usage: git [-v | --version] [-h | --help] [-C <path>] [-c <name>=<value>]\n           [--exec-path[=<path>]] [--html-path] [--man-path] [--info-path]\n           [-p | --paginate | -P | --no-pager] [--no-replace-objects] [--no-lazy-fetch]\n           [--no-optional-locks] [--no-advice] [--bare] [--git-dir=<path>]\n           [--work-tree=<path>] [--namespace=<name>] [--config-env=<name>=<envvar>]\n           <command> [<args>]\n\nThese are common Git commands used in various situations:\n\nstart a working area (see also: git help tutorial)\n   clone      Clone a repository into a new directory\n   init       Create an empty Git repository or reinitialize an existing one\n\nwork on the current change (see also: git help everyday)\n   add        Add file contents to the index\n   mv         Move or rename a file, a directory, or a symlink\n   restore    Restore working tree files\n   rm         Remove files from the working tree and from the index\n\nexamine the history and state (see also: git help revisions)\n   bisect     Use binary search to find the commit that introduced a bug\n   diff       Show changes between commits, commit and working tree, etc\n   grep       Print lines matching a pattern\n   log        Show commit logs\n   show       Show various types of objects\n   status     Show the working tree status\n\ngrow, mark and tweak your common history\n   backfill   Download missing objects in a partial clone\n   branch     List, create, or delete branches\n   commit     Record changes to the repository\n   history    EXPERIMENTAL: Rewrite history\n   merge      Join two or more development histories together\n   rebase     Reapply commits on top of another base tip\n   reset      Set `HEAD` or the index to a known state\n   switch     Switch branches\n   tag        Create, list, delete or verify tags\n\ncollaborate (see also: git help workflows)\n   fetch      Download objects and refs from another repository\n   pull       Fetch from and integrate with another repository or a local branch\n   push       Update remote refs along with associated objects\n\n'git help -a' and 'git help -g' list available subcommands and some\nconcept guides. See 'git help <command>' or 'git help <concept>'\nto read about a specific subcommand or concept.\nSee 'git help git' for an overview of the system.\n""
[0m12:23:27.301900 [debug] [MainThread]: STDERR: "b''"
[0m12:23:27.302143 [info ] [MainThread]:  - git [[32mOK found[0m]

[0m12:23:27.302359 [info ] [MainThread]: Connection:
[0m12:23:27.302615 [info ] [MainThread]:   method: service-account
[0m12:23:27.302791 [info ] [MainThread]:   database: datascientiststeamproject
[0m12:23:27.302960 [info ] [MainThread]:   execution_project: datascientiststeamproject
[0m12:23:27.303126 [info ] [MainThread]:   schema: dbt_dataset_steam
[0m12:23:27.303291 [info ] [MainThread]:   location: EU
[0m12:23:27.303450 [info ] [MainThread]:   priority: None
[0m12:23:27.303609 [info ] [MainThread]:   maximum_bytes_billed: None
[0m12:23:27.303767 [info ] [MainThread]:   reservation: None
[0m12:23:27.303923 [info ] [MainThread]:   impersonate_service_account: None
[0m12:23:27.304073 [info ] [MainThread]:   job_retry_deadline_seconds: None
[0m12:23:27.304220 [info ] [MainThread]:   job_retries: 1
[0m12:23:27.304372 [info ] [MainThread]:   job_creation_timeout_seconds: None
[0m12:23:27.304528 [info ] [MainThread]:   job_execution_timeout_seconds: None
[0m12:23:27.304691 [info ] [MainThread]:   job_link_info_level_log: False
[0m12:23:27.304849 [info ] [MainThread]:   timeout_seconds: None
[0m12:23:27.305008 [info ] [MainThread]:   client_id: None
[0m12:23:27.305157 [info ] [MainThread]:   token_uri: None
[0m12:23:27.305306 [info ] [MainThread]:   compute_region: None
[0m12:23:27.305455 [info ] [MainThread]:   dataproc_cluster_name: None
[0m12:23:27.305607 [info ] [MainThread]:   gcs_bucket: None
[0m12:23:27.305753 [info ] [MainThread]:   dataproc_batch: None
[0m12:23:27.306181 [info ] [MainThread]: Registered adapter: bigquery=1.12.0
[0m12:23:27.409717 [debug] [MainThread]: Acquiring new bigquery connection 'debug'
[0m12:23:27.410271 [debug] [MainThread]: On debug: select 1 as id
[0m12:23:27.410573 [debug] [MainThread]: Opening a new connection, currently in state init
[0m12:23:27.410885 [debug] [MainThread]: BigQuery adapter: Got an error when attempting to create a bigquery " "client: '[Errno 2] No such file or directory: '/Users/omermeraloglu/Desktop/Steam-Price-Popularity-Predictor/bigquery_key.json''
[0m12:23:27.411150 [debug] [MainThread]: BigQuery adapter: Unhandled error while running:
select 1 as id
[0m12:23:27.411339 [debug] [MainThread]: BigQuery adapter: Database Error
  [Errno 2] No such file or directory: '/Users/omermeraloglu/Desktop/Steam-Price-Popularity-Predictor/bigquery_key.json'
[0m12:23:27.411601 [info ] [MainThread]:   Connection test: [[31mERROR[0m]

[0m12:23:27.411889 [info ] [MainThread]: [31m1 check failed:[0m
[0m12:23:27.412084 [info ] [MainThread]: dbt was unable to connect to the specified database.
The database returned the following error:

  >'NoneType' object has no attribute 'close'

Check your database credentials and try again. For more information, visit:
https://docs.getdbt.com/docs/configure-your-profile


[0m12:23:27.584653 [debug] [MainThread]: Resource report: {"command_name": "debug", "command_success": false, "command_wall_clock_time": 10.495957, "process_in_blocks": "0", "process_kernel_time": 0.340543, "process_mem_max_rss": "223281152", "process_out_blocks": "0", "process_user_time": 1.542449}
[0m12:23:27.585452 [debug] [MainThread]: Command `dbt debug` failed at 12:23:27.585372 after 10.50 seconds
[0m12:23:27.585782 [debug] [MainThread]: Sending event: {'category': 'dbt', 'action': 'invocation', 'label': 'end', 'context': [<snowplow_tracker.self_describing_json.SelfDescribingJson object at 0x105327950>, <snowplow_tracker.self_describing_json.SelfDescribingJson object at 0x141b853d0>, <snowplow_tracker.self_describing_json.SelfDescribingJson object at 0x141aa36b0>]}
[0m12:23:27.586071 [debug] [MainThread]: Flushing usage events
[0m12:23:28.389511 [debug] [MainThread]: An error was encountered while trying to flush usage events
[0m12:23:30.481894 [debug] [MainThread]: Sending event: {'category': 'dbt', 'action': 'invocation', 'label': 'start', 'context': [<snowplow_tracker.self_describing_json.SelfDescribingJson object at 0x108bd8560>, <snowplow_tracker.self_describing_json.SelfDescribingJson object at 0x109dcd550>, <snowplow_tracker.self_describing_json.SelfDescribingJson object at 0x109dccf50>]}


============================== 12:23:30.485861 | 49cfe18e-7c2b-4498-9bbc-957ec7bc8817 ==============================
[0m12:23:30.485861 [info ] [MainThread]: Running with dbt=1.12.3
[0m12:23:30.486273 [debug] [MainThread]: running dbt with arguments {'use_colors': 'True', 'introspect': 'True', 'fail_fast': 'False', 'quiet': 'False', 'cache_selected_only': 'False', 'partial_parse': 'True', 'log_cache_events': 'False', 'log_format': 'default', 'version_check': 'True', 'indirect_selection': 'eager', 'log_path': '/Users/omermeraloglu/Desktop/Steam-Price-Popularity-Predictor/logs', 'hints_enabled': 'True', 'debug': 'False', 'warn_error': 'None', 'no_print': 'None', 'target_path': 'None', 'write_json': 'True', 'maximum_seed_size_mib': '1', 'printer_width': '80', 'empty': 'False', 'send_anonymous_usage_stats': 'True', 'use_experimental_parser': 'False', 'profiles_dir': '/Users/omermeraloglu/.dbt', 'warn_error_options': 'WarnErrorOptionsV2(error=[], warn=[], silence=[])', 'invocation_command': 'dbt run', 'static_parser': 'True'}
[0m12:23:31.180984 [debug] [MainThread]: Sending event: {'category': 'dbt', 'action': 'project_id', 'label': '49cfe18e-7c2b-4498-9bbc-957ec7bc8817', 'context': [<snowplow_tracker.self_describing_json.SelfDescribingJson object at 0x1247eac00>]}
[0m12:23:31.217776 [debug] [MainThread]: Sending event: {'category': 'dbt', 'action': 'adapter_info', 'label': '49cfe18e-7c2b-4498-9bbc-957ec7bc8817', 'context': [<snowplow_tracker.self_describing_json.SelfDescribingJson object at 0x1253b7e90>]}
[0m12:23:31.218417 [info ] [MainThread]: Registered adapter: bigquery=1.12.0
[0m12:23:31.321084 [debug] [MainThread]: checksum: d60959d112beb8b2f36fb64f349f29ec37a8a8d5f0e40e1fe22d043f48b78f52, vars: {}, profile: default, target: dev, version: 1.12.3
[0m12:23:31.321654 [info ] [MainThread]: Unable to do partial parsing because saved manifest not found. Starting full parse.
[0m12:23:31.321903 [debug] [MainThread]: Sending event: {'category': 'dbt', 'action': 'partial_parser', 'label': '49cfe18e-7c2b-4498-9bbc-957ec7bc8817', 'context': [<snowplow_tracker.self_describing_json.SelfDescribingJson object at 0x109d60e60>]}
[0m12:23:32.053499 [debug] [MainThread]: Sending event: {'category': 'dbt', 'action': 'load_project', 'label': '49cfe18e-7c2b-4498-9bbc-957ec7bc8817', 'context': [<snowplow_tracker.self_describing_json.SelfDescribingJson object at 0x126137020>]}
[0m12:23:32.109030 [debug] [MainThread]: Wrote artifact WritableManifest to /Users/omermeraloglu/Desktop/Steam-Price-Popularity-Predictor/target/manifest.json
[0m12:23:32.111456 [debug] [MainThread]: Wrote artifact SemanticManifest to /Users/omermeraloglu/Desktop/Steam-Price-Popularity-Predictor/target/semantic_manifest.json
[0m12:23:32.124224 [debug] [MainThread]: Wrote artifact OsiDocument to /Users/omermeraloglu/Desktop/Steam-Price-Popularity-Predictor/target/osi_document.json
[0m12:23:32.131413 [debug] [MainThread]: Sending event: {'category': 'dbt', 'action': 'resource_counts', 'label': '49cfe18e-7c2b-4498-9bbc-957ec7bc8817', 'context': [<snowplow_tracker.self_describing_json.SelfDescribingJson object at 0x1261ba9c0>]}
[0m12:23:32.131742 [info ] [MainThread]: Found 2 models, 1 source, 561 macros
[0m12:23:32.131960 [debug] [MainThread]: Sending event: {'category': 'dbt', 'action': 'runnable_timing', 'label': '49cfe18e-7c2b-4498-9bbc-957ec7bc8817', 'context': [<snowplow_tracker.self_describing_json.SelfDescribingJson object at 0x126129760>]}
[0m12:23:32.133051 [info ] [MainThread]: 
[0m12:23:32.133275 [info ] [MainThread]: Concurrency: 4 threads (target='dev')
[0m12:23:32.133458 [info ] [MainThread]: 
[0m12:23:32.133775 [debug] [MainThread]: Acquiring new bigquery connection 'master'
[0m12:23:32.136058 [debug] [ThreadPool]: Acquiring new bigquery connection 'list_datascientiststeamproject'
[0m12:23:32.136311 [debug] [ThreadPool]: Opening a new connection, currently in state init
[0m12:23:32.136603 [debug] [ThreadPool]: BigQuery adapter: Got an error when attempting to create a bigquery " "client: '[Errno 2] No such file or directory: '/Users/omermeraloglu/Desktop/Steam-Price-Popularity-Predictor/bigquery_key.json''
[0m12:23:32.137017 [debug] [MainThread]: Opening a new connection, currently in state init
[0m12:23:32.137371 [debug] [MainThread]: BigQuery adapter: Got an error when attempting to create a bigquery " "client: '[Errno 2] No such file or directory: '/Users/omermeraloglu/Desktop/Steam-Price-Popularity-Predictor/bigquery_key.json''
[0m12:23:32.137611 [info ] [MainThread]: 
[0m12:23:32.137808 [info ] [MainThread]: Finished running  in 0 hours 0 minutes and 0.00 seconds (0.00s).
[0m12:23:32.138099 [error] [MainThread]: [[31mERROR[0m]: Encountered an error:
Database Error
  [Errno 2] No such file or directory: '/Users/omermeraloglu/Desktop/Steam-Price-Popularity-Predictor/bigquery_key.json'
[0m12:23:32.140507 [debug] [MainThread]: Resource report: {"command_name": "run", "command_success": false, "command_wall_clock_time": 1.717497, "process_in_blocks": "0", "process_kernel_time": 0.284958, "process_mem_max_rss": "239796224", "process_out_blocks": "0", "process_user_time": 2.38612}
[0m12:23:32.140948 [debug] [MainThread]: Command `dbt run` failed at 12:23:32.140887 after 1.72 seconds
[0m12:23:32.141206 [debug] [MainThread]: Sending event: {'category': 'dbt', 'action': 'invocation', 'label': 'end', 'context': [<snowplow_tracker.self_describing_json.SelfDescribingJson object at 0x109d16090>, <snowplow_tracker.self_describing_json.SelfDescribingJson object at 0x125eda870>, <snowplow_tracker.self_describing_json.SelfDescribingJson object at 0x1261bfad0>]}
[0m12:23:32.141434 [debug] [MainThread]: Flushing usage events
[0m12:23:32.652749 [debug] [MainThread]: An error was encountered while trying to flush usage events
